// Jest Snapshot v1, https://goo.gl/fbAQLP

exports[`styled-box has a div with margin 50% 1`] = `
.c0 {
  box-sizing: border-box;
  min-width: 0;
  width: 75%;
}

<Component
  className="c0"
  isA="div"
  width="75%"
/>
`;
